../Drivers/STM32F7xx_HAL_Driver/Src/stm32f7xx_hal_pcd.c:291:13:HAL_PCD_MspInit	0	static
../Drivers/STM32F7xx_HAL_Driver/Src/stm32f7xx_hal_pcd.c:123:19:HAL_PCD_Init	32	static
../Drivers/STM32F7xx_HAL_Driver/Src/stm32f7xx_hal_pcd.c:306:13:HAL_PCD_MspDeInit	0	static
../Drivers/STM32F7xx_HAL_Driver/Src/stm32f7xx_hal_pcd.c:252:19:HAL_PCD_DeInit	16	static
../Drivers/STM32F7xx_HAL_Driver/Src/stm32f7xx_hal_pcd.c:936:19:HAL_PCD_Start	8	static
../Drivers/STM32F7xx_HAL_Driver/Src/stm32f7xx_hal_pcd.c:951:19:HAL_PCD_Stop	8	static
../Drivers/STM32F7xx_HAL_Driver/Src/stm32f7xx_hal_pcd.c:1430:6:HAL_PCD_WKUP_IRQHandler	0	static
../Drivers/STM32F7xx_HAL_Driver/Src/stm32f7xx_hal_pcd.c:1457:13:HAL_PCD_DataOutStageCallback	0	static
../Drivers/STM32F7xx_HAL_Driver/Src/stm32f7xx_hal_pcd.c:1474:13:HAL_PCD_DataInStageCallback	0	static
../Drivers/STM32F7xx_HAL_Driver/Src/stm32f7xx_hal_pcd.c:1489:13:HAL_PCD_SetupStageCallback	0	static
../Drivers/STM32F7xx_HAL_Driver/Src/stm32f7xx_hal_pcd.c:1504:13:HAL_PCD_SOFCallback	0	static
../Drivers/STM32F7xx_HAL_Driver/Src/stm32f7xx_hal_pcd.c:1519:13:HAL_PCD_ResetCallback	0	static
../Drivers/STM32F7xx_HAL_Driver/Src/stm32f7xx_hal_pcd.c:1534:13:HAL_PCD_SuspendCallback	0	static
../Drivers/STM32F7xx_HAL_Driver/Src/stm32f7xx_hal_pcd.c:1549:13:HAL_PCD_ResumeCallback	0	static
../Drivers/STM32F7xx_HAL_Driver/Src/stm32f7xx_hal_pcd.c:1565:13:HAL_PCD_ISOOUTIncompleteCallback	0	static
../Drivers/STM32F7xx_HAL_Driver/Src/stm32f7xx_hal_pcd.c:1582:13:HAL_PCD_ISOINIncompleteCallback	0	static
../Drivers/STM32F7xx_HAL_Driver/Src/stm32f7xx_hal_pcd.c:1598:13:HAL_PCD_ConnectCallback	0	static
../Drivers/STM32F7xx_HAL_Driver/Src/stm32f7xx_hal_pcd.c:1613:13:HAL_PCD_DisconnectCallback	0	static
../Drivers/STM32F7xx_HAL_Driver/Src/stm32f7xx_hal_pcd.c:1647:19:HAL_PCD_DevConnect	8	static
../Drivers/STM32F7xx_HAL_Driver/Src/stm32f7xx_hal_pcd.c:1661:19:HAL_PCD_DevDisconnect	8	static
../Drivers/STM32F7xx_HAL_Driver/Src/stm32f7xx_hal_pcd.c:1676:19:HAL_PCD_SetAddress	8	static
../Drivers/STM32F7xx_HAL_Driver/Src/stm32f7xx_hal_pcd.c:1693:19:HAL_PCD_EP_Open	16	static
../Drivers/STM32F7xx_HAL_Driver/Src/stm32f7xx_hal_pcd.c:1739:19:HAL_PCD_EP_Close	8	static
../Drivers/STM32F7xx_HAL_Driver/Src/stm32f7xx_hal_pcd.c:1770:19:HAL_PCD_EP_Receive	16	static
../Drivers/STM32F7xx_HAL_Driver/Src/stm32f7xx_hal_pcd.c:1799:10:HAL_PCD_EP_GetRxCount	0	static
../Drivers/STM32F7xx_HAL_Driver/Src/stm32f7xx_hal_pcd.c:1811:19:HAL_PCD_EP_Transmit	16	static
../Drivers/STM32F7xx_HAL_Driver/Src/stm32f7xx_hal_pcd.c:1840:19:HAL_PCD_EP_SetStall	16	static
../Drivers/STM32F7xx_HAL_Driver/Src/stm32f7xx_hal_pcd.c:1883:19:HAL_PCD_EP_ClrStall	16	static
../Drivers/STM32F7xx_HAL_Driver/Src/stm32f7xx_hal_pcd.c:1919:19:HAL_PCD_EP_Abort	0	static
../Drivers/STM32F7xx_HAL_Driver/Src/stm32f7xx_hal_pcd.c:970:6:HAL_PCD_IRQHandler	72	static
../Drivers/STM32F7xx_HAL_Driver/Src/stm32f7xx_hal_pcd.c:1945:19:HAL_PCD_EP_Flush	8	static
../Drivers/STM32F7xx_HAL_Driver/Src/stm32f7xx_hal_pcd.c:1968:19:HAL_PCD_ActivateRemoteWakeup	0	static
../Drivers/STM32F7xx_HAL_Driver/Src/stm32f7xx_hal_pcd.c:1978:19:HAL_PCD_DeActivateRemoteWakeup	0	static
../Drivers/STM32F7xx_HAL_Driver/Src/stm32f7xx_hal_pcd.c:2007:18:HAL_PCD_GetState	0	static
../Drivers/STM32F7xx_HAL_Driver/Src/stm32f7xx_hal_pcd.c:2019:19:HAL_PCD_SetTestMode	0	static
