../Core/Src/main.c:135:6:map	24	static
../Core/Src/main.c:140:9:u8g2_i2c_byte_cb	40	static
../Core/Src/main.c:173:9:u8g2_gpio_and_delay_stm32	32	static,ignoring_inline_asm
../Core/Src/main.c:194:5:_write	24	static
../Core/Src/main.c:206:5:main	8	static
../Core/Src/main.c:303:6:SystemClock_Config	88	static
../Core/Src/main.c:361:13:MX_ADC1_Init	24	static
../Core/Src/main.c:413:13:MX_ETH_Init	8	static
../Core/Src/main.c:462:13:MX_I2C1_Init	8	static
../Core/Src/main.c:510:13:MX_TIM7_Init	24	static
../Core/Src/main.c:548:13:MX_USART3_UART_Init	8	static
../Core/Src/main.c:583:13:MX_USB_OTG_FS_PCD_Init	8	static
../Core/Src/main.c:618:13:MX_GPIO_Init	56	static
../Core/Src/main.c:700:6:StartSensorTask	48	static
../Core/Src/main.c:767:6:StartDisplayTask	56	static
../Core/Src/main.c:848:6:HAL_TIM_PeriodElapsedCallback	16	static
../Core/Src/main.c:866:6:Error_Handler	4	static,ignoring_inline_asm
